// Jest Snapshot v1, https://goo.gl/fbAQLP

exports[`<PokemonCard /> should match snapshot with data 1`] = `
Array [
  <a
    className="chakra-link css-f4h6uy"
    href="/pokemon/randomid"
    onClick={[Function]}
  >
    <div
      className="css-166di66"
    >
      <div
        className="css-1g3r3q7"
      >
        <p
          className="chakra-text css-79wky"
        >
          Charizard
          <img
            alt="Charizard"
            className="chakra-image css-h13pur"
            src="fire.svg"
          />
        </p>
      </div>
      <img
        alt="Charizard"
        className="chakra-image__placeholder css-8dgyiu"
        src="https://assets.pokemon.com/assets/cms2/img/pokedex/full/001.png"
      />
    </div>
  </a>,
  <span />,
]
`;
